---
source: src/regalloc/live_sets.rs
expression: live_sets.display(&cfg.stmts)
---
|	move %x <- 123                           { %arg } -> { %arg %x }
|	move %y <- (%x op %arg)                  { %arg %x } -> { }
