---
source: src/parse.rs
expression: "grammar :: RValParser ::\nnew().parse(\"<test>\", \"\n            x - -y + z\n        \")"
---
Ok(
    (x - ((- y) + z)),
)
