---
source: src/parse.rs
expression: "grammar :: RValParser :: new().parse(\"<test>\", \"&*x()\")"
---
Ok(
    &*x(),
)
