---
source: src/parse.rs
expression: "grammar :: StmtParser ::\nnew().parse(\"<test>\", \"if 1 == 2 { lhs = 123; } else { ret asfd(); }\")"
---
Ok(
    if (1 == 2) {
        lhs = 123;
    } else {
        ret asfd();
    },
)
