---
source: src/main.rs
expression: "grammar::RValParser::new().parse(\"&*x()\")"
---
Ok(
    &*x(),
)
