---
source: src/parse.rs
expression: "grammar :: SubrDefnParser :: new().parse(\"<test>\", \"subr blah() { ret; }\")"
---
Ok(
    SubrDefn {
        name: "blah",
        params: [],
        ret_ty: Void,
        body: [
            ret;,
        ],
    },
)
