---
source: src/main.rs
expression: "grammar::StmtParser::new().parse(\"<fname>\", \"let lhs = 123 + *ptr;\")"
---
Ok(
    let lhs = (123 + *ptr);,
)
